Microchip MPLAB XC8 Compiler V2.00 ()

Linker command line:

-W-3 --edf=C:\Program Files (x86)\Microchip\xc8\v2.00\pic\dat\en_msgs.txt \
  -cs -h+dist/default/production\MotorDisplay.X.production.sym \
  --cmf=dist/default/production\MotorDisplay.X.production.cmf -z -Q16F887 \
  -oC:\Users\21193066\AppData\Local\Temp\s6cc.2 \
  -Mdist/default/production/MotorDisplay.X.production.map -E1 -ver=XC8 \
  --acfsm=1493 -ASTACK=0110h-016fh -pstack=STACK -ACODE=00h-07FFhx4 \
  -ASTRCODE=00h-01FFFh -ASTRING=00h-0FFhx32 -ACONST=00h-0FFhx32 \
  -AENTRY=00h-0FFhx32 -ACOMMON=070h-07Fh -ABANK0=020h-06Fh \
  -ABANK1=0A0h-0EFh -ABANK2=0110h-016Fh -ABANK3=0190h-01EFh \
  -ARAM=020h-06Fh,0A0h-0EFh,0110h-016Fh,0190h-01EFh \
  -AABS1=020h-07Fh,0A0h-0EFh,0110h-016Fh,0190h-01EFh -ASFR0=00h-01Fh \
  -ASFR1=080h-09Fh -ASFR2=0100h-010Fh -ASFR3=0180h-018Fh \
  -preset_vec=00h,intentry,init,end_init -ppowerup=CODE -pcinit=CODE \
  -pfunctab=ENTRY -ACONFIG=02007h-02008h -pconfig=CONFIG -DCONFIG=2 \
  -AIDLOC=02000h-02003h -pidloc=IDLOC -DIDLOC=2 -AEEDATA=00h-0FFh/02100h \
  -peeprom_data=EEDATA -DEEDATA=2 -DCODE=2 -DSTRCODE=2 -DSTRING=2 -DCONST=2 \
  -DENTRY=2 -k C:\Users\21193066\AppData\Local\Temp\s6cc.o \
  dist/default/production\MotorDisplay.X.production.o 

Object code version is 3.11

Machine type is 16F887



                Name                               Link     Load   Length Selector   Space Scale
C:\Users\21193066\AppData\Local\Temp\s6cc.o
                end_init                              0        0        3        0       0
                config                             2007     2007        2     400E       0
dist/default/production\MotorDisplay.X.production.o
                cinit                               7EE      7EE       12      FDC       0
                text10                              630      630        8      C60       0
                text9                               638      638        8      C70       0
                text8                               640      640        8      C80       0
                text7                               61F      61F        5      C3E       0
                text6                               652      652        B      CA4       0
                text5                               680      680       17      D00       0
                text4                               697      697       1F      D2E       0
                text3                               648      648        A      C90       0
                text2                               624      624        6      C48       0
                text1                               62A      62A        6      C54       0
                maintext                            6B6      6B6      138      D6C       0
                cstackCOMMON                         70       70        A       70       1
                inittext                            66D      66D       13      CDA       0
                dataBANK0                            20       20       10       20       1
                idataBANK0                          65D      65D       10      CBA       0

TOTAL           Name                               Link     Load   Length     Space
        CLASS   STACK          

        CLASS   CODE           
                end_init                              0        0        3         0
                cinit                               7EE      7EE       12         0
                text10                              630      630        8         0
                text9                               638      638        8         0
                text8                               640      640        8         0
                text7                               61F      61F        5         0
                text6                               652      652        B         0
                text5                               680      680       17         0
                text4                               697      697       1F         0
                text3                               648      648        A         0
                text2                               624      624        6         0
                text1                               62A      62A        6         0
                maintext                            6B6      6B6      138         0
                inittext                            66D      66D       13         0
                idataBANK0                          65D      65D       10         0

        CLASS   STRCODE        

        CLASS   STRING         

        CLASS   CONST          

        CLASS   ENTRY          

        CLASS   COMMON         
                cstackCOMMON                         70       70        A         1

        CLASS   BANK0          
                dataBANK0                            20       20       10         1

        CLASS   BANK1          

        CLASS   BANK2          

        CLASS   BANK3          

        CLASS   RAM            

        CLASS   ABS1           
                abs_s1                               7E       7E        2         1

        CLASS   SFR0           

        CLASS   SFR1           

        CLASS   SFR2           

        CLASS   SFR3           

        CLASS   CONFIG         
                config                             2007     2007        2         0

        CLASS   IDLOC          

        CLASS   EEDATA         



SEGMENTS        Name                           Load    Length   Top    Selector   Space  Class     Delta

                reset_vec                      000000  000003  000003         0       0  CODE        2
                dataBANK0                      000020  000010  000030        20       1  BANK0       1
                cstackCOMMON                   000070  00000A  00007A        70       1  COMMON      1
                text7                          00061F  000005  000624       C3E       0  CODE        2
                text2                          000624  000006  00062A       C48       0  CODE        2
                text1                          00062A  000006  000630       C54       0  CODE        2
                text10                         000630  000008  000638       C60       0  CODE        2
                text9                          000638  000008  000640       C70       0  CODE        2
                text8                          000640  000008  000648       C80       0  CODE        2
                text3                          000648  00000A  000652       C90       0  CODE        2
                text6                          000652  00000B  00065D       CA4       0  CODE        2
                idataBANK0                     00065D  000010  00066D       CBA       0  CODE        2
                inittext                       00066D  000013  000680       CDA       0  CODE        2
                text5                          000680  000017  000697       D00       0  CODE        2
                text4                          000697  00001F  0006B6       D2E       0  CODE        2
                maintext                       0006B6  000138  0007EE       D6C       0  CODE        2
                cinit                          0007EE  000012  000800       FDC       0  CODE        2
                config                         002007  000002  002009      400E       0  CONFIG      2


UNUSED ADDRESS RANGES

        Name                Unused          Largest block    Delta
        BANK0            0030-006F             40           1
        BANK1            00A0-00EF             50           1
        BANK2            0110-016F             60           1
        BANK3            0190-01EF             60           1
        CODE             0003-061E            61C           2
                         0800-1FFF            800
        COMMON           007A-007D              4           1
        CONST            0003-061E            100           2
                         0800-1FFF            100
        EEDATA           2100-21FF            100           2
        ENTRY            0003-061E            100           2
                         0800-1FFF            100
        IDLOC            2000-2003              4           2
        RAM              0030-006F             40           1
                         00A0-00EF             50
                         0110-016F             60
                         0190-01EF             60
        SFR0             0000-001F             20           1
        SFR1             0080-009F             20           1
        SFR2             0100-010F             10           1
        SFR3             0180-018F             10           1
        STACK            0110-016F             60           1
        STRCODE          0003-061E            61C           2
                         0800-1FFF           1800
        STRING           0003-061E            100           2
                         0800-1FFF            100

                                  Symbol Table

K1@x                       cstackCOMMON 0070
K2@x                       cstackCOMMON 0070
K3@x                       cstackCOMMON 0070
_ANSELH                    (abs)        0189
_K1                        text10       0630
_K2                        text9        0638
_K3                        text8        0640
_PORTB                     (abs)        0006
_PORTDbits                 (abs)        0008
_TRISB                     (abs)        0086
_TRISDbits                 (abs)        0088
__CFG_BOR4V$BOR40V         (abs)        0000
__CFG_BOREN$OFF            (abs)        0000
__CFG_CP$OFF               (abs)        0000
__CFG_CPD$OFF              (abs)        0000
__CFG_FCMEN$OFF            (abs)        0000
__CFG_FOSC$INTRC_NOCLKOUT  (abs)        0000
__CFG_IESO$OFF             (abs)        0000
__CFG_LVP$OFF              (abs)        0000
__CFG_MCLRE$OFF            (abs)        0000
__CFG_PWRTE$OFF            (abs)        0000
__CFG_WDTE$OFF             (abs)        0000
__CFG_WRT$OFF              (abs)        0000
__Habs1                    abs1         0000
__Hbank0                   bank0        0000
__Hbank1                   bank1        0000
__Hbank2                   bank2        0000
__Hbank3                   bank3        0000
__Hcinit                   cinit        0800
__Hclrtext                 clrtext      0000
__Hcode                    code         0000
__Hcommon                  common       0000
__Hconfig                  config       2009
__HcstackCOMMON            cstackCOMMON 0000
__HdataBANK0               dataBANK0    0000
__Heeprom_data             eeprom_data  0000
__Hend_init                end_init     0003
__Hfunctab                 functab      0000
__HidataBANK0              idataBANK0   0000
__Hidloc                   idloc        0000
__Hinit                    init         0000
__Hinittext                inittext     0000
__Hintentry                intentry     0000
__Hmaintext                maintext     0000
__Hpowerup                 powerup      0000
__Hram                     ram          0000
__Hreset_vec               reset_vec    0000
__Hsfr0                    sfr0         0000
__Hsfr1                    sfr1         0000
__Hsfr2                    sfr2         0000
__Hsfr3                    sfr3         0000
__Hspace_0                 (abs)        2009
__Hspace_1                 (abs)        007A
__Hspace_2                 (abs)        0000
__Hspace_3                 (abs)        0000
__Hstack                   stack        0000
__Hstrings                 strings      0000
__Htext                    text         0000
__Labs1                    abs1         0000
__Lbank0                   bank0        0000
__Lbank1                   bank1        0000
__Lbank2                   bank2        0000
__Lbank3                   bank3        0000
__Lcinit                   cinit        07EE
__Lclrtext                 clrtext      0000
__Lcode                    code         0000
__Lcommon                  common       0000
__Lconfig                  config       2007
__LcstackCOMMON            cstackCOMMON 0000
__LdataBANK0               dataBANK0    0000
__Leeprom_data             eeprom_data  0000
__Lend_init                end_init     0000
__Lfunctab                 functab      0000
__LidataBANK0              idataBANK0   0000
__Lidloc                   idloc        0000
__Linit                    init         0000
__Linittext                inittext     0000
__Lintentry                intentry     0000
__Lmaintext                maintext     0000
__Lpowerup                 powerup      0000
__Lram                     ram          0000
__Lreset_vec               reset_vec    0000
__Lsfr0                    sfr0         0000
__Lsfr1                    sfr1         0000
__Lsfr2                    sfr2         0000
__Lsfr3                    sfr3         0000
__Lspace_0                 (abs)        0000
__Lspace_1                 (abs)        0000
__Lspace_2                 (abs)        0000
__Lspace_3                 (abs)        0000
__Lstack                   stack        0000
__Lstrings                 strings      0000
__Ltext                    text         0000
__S0                       (abs)        2009
__S1                       (abs)        007A
__S2                       (abs)        0000
__S3                       (abs)        0000
___int_sp                  stack        0000
___latbits                 (abs)        0002
___sp                      stack        0000
__end_of_K1                text10       0638
__end_of_K2                text9        0640
__end_of_K3                text8        0648
__end_of__initialization   cinit        07FC
__end_of_botoes_init       text7        0624
__end_of_contatores_init   text6        065D
__end_of_delay             text5        0697
__end_of_display7seg       text4        06B6
__end_of_display7seg_init  text3        0652
__end_of_main              maintext     07EE
__end_of_s0                text2        062A
__end_of_s1                text1        0630
__initialization           cinit        07EE
__pcstackCOMMON            cstackCOMMON 0070
__pdataBANK0               dataBANK0    0020
__pidataBANK0              idataBANK0   065D
__pmaintext                maintext     06B6
__ptext1                   text1        062A
__ptext10                  text10       0630
__ptext2                   text2        0624
__ptext3                   text3        0648
__ptext4                   text4        0697
__ptext5                   text5        0680
__ptext6                   text6        0652
__ptext7                   text7        061F
__ptext8                   text8        0640
__ptext9                   text9        0638
__size_of_K1               (abs)        0000
__size_of_K2               (abs)        0000
__size_of_K3               (abs)        0000
__size_of_botoes_init      (abs)        0000
__size_of_contatores_init  (abs)        0000
__size_of_delay            (abs)        0000
__size_of_display7seg      (abs)        0000
__size_of_display7seg_init (abs)        0000
__size_of_main             (abs)        0000
__size_of_s0               (abs)        0000
__size_of_s1               (abs)        0000
_botoes_init               text7        061F
_contatores_init           text6        0652
_delay                     text5        0680
_display7seg               text4        0697
_display7seg_init          text3        0648
_main                      maintext     06B6
_s0                        text2        0624
_s1                        text1        062A
_vetor                     dataBANK0    0020
btemp                      (abs)        007E
delay@t                    cstackCOMMON 0070
display7seg@c              cstackCOMMON 0070
end_of_initialization      cinit        07FC
init_fetch0                inittext     066D
init_ram0                  inittext     0671
intlevel0                  functab      0000
intlevel1                  functab      0000
intlevel2                  functab      0000
intlevel3                  functab      0000
intlevel4                  functab      0000
intlevel5                  functab      0000
main@cont                  cstackCOMMON 0079
main@estado                cstackCOMMON 0077
main@t                     cstackCOMMON 0075
reset_vec                  reset_vec    0000
stackhi                    (abs)        0000
stacklo                    (abs)        0000
start                      init         0000
start_initialization       cinit        07EE
wtemp0                     (abs)        007E


FUNCTION INFORMATION:

 *************** function _main *****************
 Defined at:
		line 16 in file "main.c"
 Parameters:    Size  Location     Type
		None
 Auto vars:     Size  Location     Type
  estado          2    7[COMMON] int 
  t               2    5[COMMON] int 
  cont            1    9[COMMON] unsigned char 
 Return value:  Size  Location     Type
                  1    wreg      void 
 Registers used:
		wreg, fsr0l, fsr0h, status,2, status,0, btemp+1, pclath, cstack
 Tracked objects:
		On entry : 
		On exit  : 
		Unchanged: 
 Data sizes:     COMMON   BANK0   BANK1   BANK3   BANK2
      Params:         0       0       0       0       0
      Locals:         5       0       0       0       0
      Temps:          2       0       0       0       0
      Totals:         7       0       0       0       0
Total ram usage:        7 bytes
 Hardware stack levels required when called:    1
 This function calls:
		_K1
		_K2
		_K3
		_botoes_init
		_contatores_init
		_delay
		_display7seg
		_display7seg_init
		_s0
		_s1
 This function is called by:
		Startup code after reset
 This function uses a non-reentrant model


 *************** function _s1 *****************
 Defined at:
		line 18 in file "../disp7seg.X/botoes.c"
 Parameters:    Size  Location     Type
		None
 Auto vars:     Size  Location     Type
		None
 Return value:  Size  Location     Type
                  1    wreg      unsigned char 
 Registers used:
		wreg, status,2, status,0
 Tracked objects:
		On entry : 
		On exit  : 
		Unchanged: 
 Data sizes:     COMMON   BANK0   BANK1   BANK3   BANK2
      Params:         0       0       0       0       0
      Locals:         0       0       0       0       0
      Temps:          0       0       0       0       0
      Totals:         0       0       0       0       0
Total ram usage:        0 bytes
 Hardware stack levels used:    1
 This function calls:
		Nothing
 This function is called by:
		_main
 This function uses a non-reentrant model


 *************** function _s0 *****************
 Defined at:
		line 22 in file "../disp7seg.X/botoes.c"
 Parameters:    Size  Location     Type
		None
 Auto vars:     Size  Location     Type
		None
 Return value:  Size  Location     Type
                  1    wreg      unsigned char 
 Registers used:
		wreg, status,2, status,0
 Tracked objects:
		On entry : 
		On exit  : 
		Unchanged: 
 Data sizes:     COMMON   BANK0   BANK1   BANK3   BANK2
      Params:         0       0       0       0       0
      Locals:         0       0       0       0       0
      Temps:          0       0       0       0       0
      Totals:         0       0       0       0       0
Total ram usage:        0 bytes
 Hardware stack levels used:    1
 This function calls:
		Nothing
 This function is called by:
		_main
 This function uses a non-reentrant model


 *************** function _display7seg_init *****************
 Defined at:
		line 17 in file "../disp7seg.X/display7seg.c"
 Parameters:    Size  Location     Type
		None
 Auto vars:     Size  Location     Type
		None
 Return value:  Size  Location     Type
                  1    wreg      void 
 Registers used:
		status,2
 Tracked objects:
		On entry : 
		On exit  : 
		Unchanged: 
 Data sizes:     COMMON   BANK0   BANK1   BANK3   BANK2
      Params:         0       0       0       0       0
      Locals:         0       0       0       0       0
      Temps:          0       0       0       0       0
      Totals:         0       0       0       0       0
Total ram usage:        0 bytes
 Hardware stack levels used:    1
 This function calls:
		Nothing
 This function is called by:
		_main
 This function uses a non-reentrant model


 *************** function _display7seg *****************
 Defined at:
		line 24 in file "../disp7seg.X/display7seg.c"
 Parameters:    Size  Location     Type
  c               2    0[COMMON] int 
 Auto vars:     Size  Location     Type
		None
 Return value:  Size  Location     Type
                  1    wreg      void 
 Registers used:
		wreg, fsr0l, fsr0h, status,2, status,0, btemp+1
 Tracked objects:
		On entry : 
		On exit  : 
		Unchanged: 
 Data sizes:     COMMON   BANK0   BANK1   BANK3   BANK2
      Params:         2       0       0       0       0
      Locals:         0       0       0       0       0
      Temps:          0       0       0       0       0
      Totals:         2       0       0       0       0
Total ram usage:        2 bytes
 Hardware stack levels used:    1
 This function calls:
		Nothing
 This function is called by:
		_main
 This function uses a non-reentrant model


 *************** function _delay *****************
 Defined at:
		line 12 in file "../disp7seg.X/delay.c"
 Parameters:    Size  Location     Type
  t               2    0[COMMON] unsigned int 
 Auto vars:     Size  Location     Type
		None
 Return value:  Size  Location     Type
                  1    wreg      void 
 Registers used:
		wreg, status,2, status,0
 Tracked objects:
		On entry : 
		On exit  : 
		Unchanged: 
 Data sizes:     COMMON   BANK0   BANK1   BANK3   BANK2
      Params:         2       0       0       0       0
      Locals:         0       0       0       0       0
      Temps:          1       0       0       0       0
      Totals:         3       0       0       0       0
Total ram usage:        3 bytes
 Hardware stack levels used:    1
 This function calls:
		Nothing
 This function is called by:
		_main
 This function uses a non-reentrant model


 *************** function _contatores_init *****************
 Defined at:
		line 12 in file "../partidaEstrelaTriangulo.X/contatores.c"
 Parameters:    Size  Location     Type
		None
 Auto vars:     Size  Location     Type
		None
 Return value:  Size  Location     Type
                  1    wreg      void 
 Registers used:
		None
 Tracked objects:
		On entry : 
		On exit  : 
		Unchanged: 
 Data sizes:     COMMON   BANK0   BANK1   BANK3   BANK2
      Params:         0       0       0       0       0
      Locals:         0       0       0       0       0
      Temps:          0       0       0       0       0
      Totals:         0       0       0       0       0
Total ram usage:        0 bytes
 Hardware stack levels used:    1
 This function calls:
		Nothing
 This function is called by:
		_main
 This function uses a non-reentrant model


 *************** function _botoes_init *****************
 Defined at:
		line 12 in file "../disp7seg.X/botoes.c"
 Parameters:    Size  Location     Type
		None
 Auto vars:     Size  Location     Type
		None
 Return value:  Size  Location     Type
                  1    wreg      void 
 Registers used:
		None
 Tracked objects:
		On entry : 
		On exit  : 
		Unchanged: 
 Data sizes:     COMMON   BANK0   BANK1   BANK3   BANK2
      Params:         0       0       0       0       0
      Locals:         0       0       0       0       0
      Temps:          0       0       0       0       0
      Totals:         0       0       0       0       0
Total ram usage:        0 bytes
 Hardware stack levels used:    1
 This function calls:
		Nothing
 This function is called by:
		_main
 This function uses a non-reentrant model


 *************** function _K3 *****************
 Defined at:
		line 35 in file "../partidaEstrelaTriangulo.X/contatores.c"
 Parameters:    Size  Location     Type
  x               2    0[COMMON] int 
 Auto vars:     Size  Location     Type
		None
 Return value:  Size  Location     Type
                  1    wreg      void 
 Registers used:
		wreg, status,0
 Tracked objects:
		On entry : 
		On exit  : 
		Unchanged: 
 Data sizes:     COMMON   BANK0   BANK1   BANK3   BANK2
      Params:         2       0       0       0       0
      Locals:         0       0       0       0       0
      Temps:          0       0       0       0       0
      Totals:         2       0       0       0       0
Total ram usage:        2 bytes
 Hardware stack levels used:    1
 This function calls:
		Nothing
 This function is called by:
		_main
 This function uses a non-reentrant model


 *************** function _K2 *****************
 Defined at:
		line 30 in file "../partidaEstrelaTriangulo.X/contatores.c"
 Parameters:    Size  Location     Type
  x               2    0[COMMON] int 
 Auto vars:     Size  Location     Type
		None
 Return value:  Size  Location     Type
                  1    wreg      void 
 Registers used:
		wreg, status,0
 Tracked objects:
		On entry : 
		On exit  : 
		Unchanged: 
 Data sizes:     COMMON   BANK0   BANK1   BANK3   BANK2
      Params:         2       0       0       0       0
      Locals:         0       0       0       0       0
      Temps:          0       0       0       0       0
      Totals:         2       0       0       0       0
Total ram usage:        2 bytes
 Hardware stack levels used:    1
 This function calls:
		Nothing
 This function is called by:
		_main
 This function uses a non-reentrant model


 *************** function _K1 *****************
 Defined at:
		line 24 in file "../partidaEstrelaTriangulo.X/contatores.c"
 Parameters:    Size  Location     Type
  x               2    0[COMMON] int 
 Auto vars:     Size  Location     Type
		None
 Return value:  Size  Location     Type
                  1    wreg      void 
 Registers used:
		wreg, status,0
 Tracked objects:
		On entry : 
		On exit  : 
		Unchanged: 
 Data sizes:     COMMON   BANK0   BANK1   BANK3   BANK2
      Params:         2       0       0       0       0
      Locals:         0       0       0       0       0
      Temps:          0       0       0       0       0
      Totals:         2       0       0       0       0
Total ram usage:        2 bytes
 Hardware stack levels used:    1
 This function calls:
		Nothing
 This function is called by:
		_main
 This function uses a non-reentrant model



MODULE INFORMATION

Module		Function		Class		Link	Load	Size
../disp7seg.X/delay.c
		_delay         		CODE           	0680	0000	24

../disp7seg.X/delay.c estimated size: 24

shared
		__initialization		CODE           	07EE	0000	15

shared estimated size: 15

../disp7seg.X/display7seg.c
		_display7seg   		CODE           	0697	0000	32
		_display7seg_init		CODE           	0648	0000	11

../disp7seg.X/display7seg.c estimated size: 43

../disp7seg.X/botoes.c
		_s0            		CODE           	0624	0000	7
		_s1            		CODE           	062A	0000	7
		_botoes_init   		CODE           	061F	0000	6

../disp7seg.X/botoes.c estimated size: 20

../partidaEstrelaTriangulo.X/contatores.c
		_contatores_init		CODE           	0652	0000	12
		_K1            		CODE           	0630	0000	9
		_K2            		CODE           	0638	0000	9
		_K3            		CODE           	0640	0000	9

../partidaEstrelaTriangulo.X/contatores.c estimated size: 39

main.c
		_main          		CODE           	06B6	0000	313

main.c estimated size: 313

